// Jest Snapshot v1, https://goo.gl/fbAQLP

exports[`<Photo/> Exists matches the snapshot 1`] = `
<div
  className="col-lg-3 col-md-4 col-xs-6 pitem"
>
  <a
    className="d-block mb-4 h-100"
    href="http://placehold.it/150/92c952"
    target="_blank"
  >
    <img
      alt="\${this.props.photo.title}"
      className="img-fluid img-thumbnail a1"
      src="http://placehold.it/150/92c952"
    />
  </a>
  <a
    className="a2"
    href="http://placehold.it/600/92c952"
    target="_blank"
  >
    <p
      style={
        Object {
          "marginTop": "10px",
        }
      }
    >
      accusamus beatae ad facilis cum similique qui sunt
    </p>
  </a>
</div>
`;
